// Jest Snapshot v1, https://goo.gl/fbAQLP

exports[`renders correctly 1`] = `
<div
  className="log-in-container"
>
  <h1>
    Please login
  </h1>
  <button
    className="auth-button"
    onClick={[Function]}
    type="button"
  >
    <span>
      Log In
    </span>
  </button>
</div>
`;
